\BOOKMARK [1][-]{section.1}{\376\377\137\025\212\000}{}% 1
\BOOKMARK [1][-]{section.2}{\376\377\225\356\230\230\143\317\217\360}{}% 2
\BOOKMARK [2][-]{subsection.2.1}{\376\377\000A\000U\000V\122\250\122\233\133\146\152\041\127\213}{section.2}% 3
\BOOKMARK [2][-]{subsection.2.2}{\376\377\155\167\155\101\123\302\145\160\123\026}{section.2}% 4
\BOOKMARK [2][-]{subsection.2.3}{\376\377\000C\000F\000D\152\041\127\213\116\015\170\156\133\232\140\047\166\204\221\317\123\026\210\150\137\201}{section.2}% 5
\BOOKMARK [1][-]{section.3}{\376\377\000P\000C\000-\000R\000C\000O\211\302\155\113\126\150\213\276\213\241}{}% 6
\BOOKMARK [2][-]{subsection.3.1}{\376\377\220\037\136\246\230\204\155\113\147\266\147\204}{section.3}% 7
\BOOKMARK [2][-]{subsection.3.2}{\376\377\160\165\145\117\136\246\122\006\147\220}{section.3}% 8
\BOOKMARK [2][-]{subsection.3.3}{\376\377\217\336\176\355\000G\000a\000u\000s\000s\000-\000M\000a\000r\000k\000o\000v\153\143\122\031\123\026}{section.3}% 9
\BOOKMARK [2][-]{subsection.3.4}{\376\377\201\352\220\002\136\224\226\120\136\105\166\204\150\257\136\246\146\364\145\260}{section.3}% 10
\BOOKMARK [2][-]{subsection.3.5}{\376\377\122\115\231\210\210\145\120\177\173\126\165\145}{section.3}% 11
\BOOKMARK [1][-]{section.4}{\376\377\145\160\120\074\232\214\213\301}{}% 12
\BOOKMARK [2][-]{subsection.4.1}{\376\377\116\377\167\037\213\276\177\156}{section.4}% 13
\BOOKMARK [2][-]{subsection.4.2}{\376\377\152\041\127\213\131\061\221\115\234\201\150\322\140\047}{section.4}% 14
\BOOKMARK [2][-]{subsection.4.3}{\376\377\217\336\176\355\000G\000M\153\143\122\031\123\026\155\210\207\215}{section.4}% 15
\BOOKMARK [2][-]{subsection.4.4}{\376\377\201\352\220\002\136\224\226\120\136\105\377\032\174\276\136\246\116\016\162\151\164\006\123\357\143\245\123\327\140\047\166\204\147\103\210\141}{section.4}% 16
\BOOKMARK [2][-]{subsection.4.5}{\376\377\127\372\176\277\145\271\154\325\131\032\166\356\150\007\133\371\153\324}{section.4}% 17
\BOOKMARK [2][-]{subsection.4.6}{\376\377\215\350\136\163\123\360\232\214\213\301\377\032\000R\000E\000M\000U\000S\000\040\0001\0000\0000}{section.4}% 18
\BOOKMARK [2][-]{subsection.4.7}{\376\377\134\100\226\120\377\032\123\315\231\210\143\247\122\066\000A\000U\000V\116\055\166\204\157\300\122\261\225\350\143\247}{section.4}% 19
\BOOKMARK [1][-]{section.5}{\376\377\213\250\213\272}{}% 20
\BOOKMARK [2][-]{subsection.5.1}{\376\377\217\336\176\355\153\143\122\031\123\026\117\030\116\216\116\214\120\074\225\350\143\247}{section.5}% 21
\BOOKMARK [2][-]{subsection.5.2}{\376\377\174\276\136\246\000-\162\151\164\006\123\357\143\245\123\327\140\047\147\103\210\141}{section.5}% 22
\BOOKMARK [2][-]{subsection.5.3}{\376\377\126\152\130\360\232\161\122\250\116\016\131\061\221\115\232\161\122\250\166\204\226\120\136\105\227\000\154\102}{section.5}% 23
\BOOKMARK [2][-]{subsection.5.4}{\376\377\133\211\121\150\140\047\211\306\211\322}{section.5}% 24
\BOOKMARK [2][-]{subsection.5.5}{\376\377\134\100\226\120\140\047}{section.5}% 25
\BOOKMARK [1][-]{section.6}{\376\377\176\323\213\272}{}% 26
